C:\Users\rm02206\Desktop\Java Projects\nopcommerceAutomationTesting\src\test\java\org\example\stepDefinitions\LoginStepDefinition.java
C:\Users\rm02206\Desktop\Java Projects\nopcommerceAutomationTesting\src\test\java\org\example\pages\SearchPage.java
C:\Users\rm02206\Desktop\Java Projects\nopcommerceAutomationTesting\src\test\java\org\example\stepDefinitions\WishListStepDefinition.java
C:\Users\rm02206\Desktop\Java Projects\nopcommerceAutomationTesting\src\test\java\org\example\pages\RegistrationPage.java
C:\Users\rm02206\Desktop\Java Projects\nopcommerceAutomationTesting\src\test\java\org\example\pages\HomePage.java
C:\Users\rm02206\Desktop\Java Projects\nopcommerceAutomationTesting\src\test\java\org\example\stepDefinitions\SwitchCurrencies.java
C:\Users\rm02206\Desktop\Java Projects\nopcommerceAutomationTesting\src\test\java\org\example\stepDefinitions\HoverCategoriesStepDefinition.java
C:\Users\rm02206\Desktop\Java Projects\nopcommerceAutomationTesting\src\test\java\org\example\stepDefinitions\Hooks.java
C:\Users\rm02206\Desktop\Java Projects\nopcommerceAutomationTesting\src\test\java\org\example\Runners\TestRunner.java
C:\Users\rm02206\Desktop\Java Projects\nopcommerceAutomationTesting\src\test\java\org\example\stepDefinitions\SearchStepDefinition.java
C:\Users\rm02206\Desktop\Java Projects\nopcommerceAutomationTesting\src\test\java\org\example\pages\LoginPage.java
C:\Users\rm02206\Desktop\Java Projects\nopcommerceAutomationTesting\src\test\java\org\example\stepDefinitions\RegistrationStepDefinition.java
C:\Users\rm02206\Desktop\Java Projects\nopcommerceAutomationTesting\src\test\java\org\example\stepDefinitions\ShoppingCartStepDefinition.java
C:\Users\rm02206\Desktop\Java Projects\nopcommerceAutomationTesting\src\test\java\org\example\stepDefinitions\HomeSlidersStepDefinition.java
C:\Users\rm02206\Desktop\Java Projects\nopcommerceAutomationTesting\src\test\java\org\example\stepDefinitions\FollowUsStepDefinition.java
